новая ветка так как друг не создал, сам создал в своей, для третьего задания
viktor@MacBook-Pro-Viktor new_key % ssh-add /Users/viktor/new_key 
Identity added: /Users/viktor/new_key (gokertymgre68@gmail.com)
viktor@MacBook-Pro-Viktor new_key % ssh -T git@github.com
Hi viktorkrayushkin! You've successfully authenticated, but GitHub does not provide shell access.
viktor@MacBook-Pro-Viktor new_key % git push
Enumerating objects: 6, done.
Counting objects: 100% (6/6), done.
Delta compression using up to 8 threads
Compressing objects: 100% (4/4), done.
Writing objects: 100% (5/5), 1.88 KiB | 1.88 MiB/s, done.
Total 5 (delta 0), reused 0 (delta 0), pack-reused 0
To github.com:viktorkrayushkin/new_key.git
   b17efb4..3a2e129  master -> master
viktor@MacBook-Pro-Viktor new_key % git branch krayushkin
viktor@MacBook-Pro-Viktor new_key % git checkout krayushkin
Switched to branch 'krayushkin'
viktor@MacBook-Pro-Viktor new_key % git add branch-how-to.txt
viktor@MacBook-Pro-Viktor new_key % git status
On branch krayushkin
Changes to be committed:
  (use "git restore --staged <file>..." to unstage)
	new file:   branch-how-to.txt

viktor@MacBook-Pro-Viktor new_key % git commit -m “branch instructions”  
error: pathspec 'instructions”' did not match any file(s) known to git
viktor@MacBook-Pro-Viktor new_key % git commit -m "instruchion mew branch"
[krayushkin 3451424] instruchion mew branch
 1 file changed, 1 insertion(+)
 create mode 100644 branch-how-to.txt
viktor@MacBook-Pro-Viktor new_key % git push
fatal: The current branch krayushkin has no upstream branch.
To push the current branch and set the remote as upstream, use

    git push --set-upstream origin krayushkin

viktor@MacBook-Pro-Viktor new_key % git push --set-upstream origin krayushkin
Enumerating objects: 4, done.
Counting objects: 100% (4/4), done.
Delta compression using up to 8 threads
Compressing objects: 100% (3/3), done.
Writing objects: 100% (3/3), 381 bytes | 381.00 KiB/s, done.
Total 3 (delta 1), reused 0 (delta 0), pack-reused 0
remote: Resolving deltas: 100% (1/1), completed with 1 local object.
remote: 
remote: Create a pull request for 'krayushkin' on GitHub by visiting:
remote:      https://github.com/viktorkrayushkin/new_key/pull/new/krayushkin
remote: 
To github.com:viktorkrayushkin/new_key.git
 * [new branch]      krayushkin -> krayushkin
Branch 'krayushkin' set up to track remote branch 'krayushkin' from 'origin'.
viktor@MacBook-Pro-Viktor new_key % 
